---
source: tests/schema/query/samples.rs
expression: "format!(\"{:?}\", resp)"
---
b"{\"data\":{\"samplesByStatus\":{\"totalCount\":2,\"pageInfo\":{\"hasNextPage\":false,\"hasPreviousPage\":false,\"startCursor\":\"MQAAABJub2RlLmRhdGVfY3JlYXRlZAAA4QteAAAAAAdfaWQAXxktmQDgMGAA0YjlAA==\",\"nextCursor\":\"MQAAABJub2RlLmRhdGVfY3JlYXRlZAAA4QteAAAAAAdfaWQAXxktmQDgMGAA0YjjAA==\"},\"items\":[{\"id\":\"$oid:5f192d9900e0306000d188e5\",\"dateCreated\":\"2020-01-01T00:00:00+00:00\",\"dateModified\":\"2020-01-01T00:00:00+00:00\",\"name\":\"Sample 5\",\"description\":\"This is the fifth sample - EXPIRED\",\"values\":[{\"id\":\"44514a55-2abd-4388-8f77-b96b0b25fc38\",\"dateModified\":\"2020-07-23T06:26:33+00:00\",\"embeddedType\":\"ONE\",\"value\":0.9},{\"id\":\"44514a55-2abd-4388-8f77-b96b0b25fc39\",\"dateModified\":\"2020-07-23T06:26:33+00:00\",\"embeddedType\":\"ONE\",\"value\":0.9}]},{\"id\":\"$oid:5f192d9900e0306000d188e3\",\"dateCreated\":\"2020-01-01T00:00:00+00:00\",\"dateModified\":\"2020-01-01T00:00:00+00:00\",\"name\":\"Sample 3\",\"description\":\"This is the third sample - AVAILABLE (but expired)\",\"values\":[{\"id\":\"44514a55-2abd-4388-8f77-b96b0b25fc34\",\"dateModified\":\"2020-07-23T06:26:33+00:00\",\"embeddedType\":\"ANOTHER\",\"value\":0.7},{\"id\":\"44514a55-2abd-4388-8f77-b96b0b25fc35\",\"dateModified\":\"2020-07-23T06:26:33+00:00\",\"embeddedType\":\"ONE\",\"value\":0.9},{\"id\":\"44514a55-2abd-4388-8f77-b96b0b25fc36\",\"dateModified\":\"2020-07-23T06:26:33+00:00\",\"embeddedType\":\"ONE\",\"value\":0.9}]}]}}}"
