---
source: tests/schema/mutation/samples.rs
expression: "format!(\"{:?}\", resp)"
---
b"{\"data\":{\"allSamples\":{\"totalCount\":6,\"pageInfo\":{\"hasNextPage\":true,\"hasPreviousPage\":false,\"startCursor\":\"MQAAABJub2RlLmRhdGVfY3JlYXRlZAAK4QteAAAAAAdfaWQAX1vmuADKYl0AZs8+AA==\",\"nextCursor\":\"MQAAABJub2RlLmRhdGVfY3JlYXRlZAAA4QteAAAAAAdfaWQAXxktmQDgMGAA0YjiAA==\"},\"items\":[{\"id\":\"$oid:5f5be6b800ca625d0066cf3e\",\"dateCreated\":\"2020-01-01T00:00:10+00:00\",\"dateModified\":\"2020-01-01T00:00:10+00:00\",\"name\":\"Brand New Name\",\"description\":\"Brand New Description\",\"values\":null},{\"id\":\"$oid:5f192d9900e0306000d188e5\",\"dateCreated\":\"2020-01-01T00:00:00+00:00\",\"dateModified\":\"2020-01-01T00:00:00+00:00\",\"name\":\"Sample 5\",\"description\":\"This is the fifth sample - EXPIRED\",\"values\":[{\"id\":\"44514a55-2abd-4388-8f77-b96b0b25fc38\",\"dateModified\":\"2020-07-23T06:26:33+00:00\",\"embeddedType\":\"ONE\",\"value\":0.9},{\"id\":\"44514a55-2abd-4388-8f77-b96b0b25fc39\",\"dateModified\":\"2020-07-23T06:26:33+00:00\",\"embeddedType\":\"ONE\",\"value\":0.9}]},{\"id\":\"$oid:5f192d9900e0306000d188e4\",\"dateCreated\":\"2020-01-01T00:00:00+00:00\",\"dateModified\":\"2020-01-01T00:00:00+00:00\",\"name\":\"Sample 4\",\"description\":\"This is the fourth sample - IN THE FUTURE\",\"values\":[{\"id\":\"44514a55-2abd-4388-8f77-b96b0b25fc37\",\"dateModified\":\"2020-07-23T06:26:33+00:00\",\"embeddedType\":\"ONE\",\"value\":0.7}]},{\"id\":\"$oid:5f192d9900e0306000d188e3\",\"dateCreated\":\"2020-01-01T00:00:00+00:00\",\"dateModified\":\"2020-01-01T00:00:00+00:00\",\"name\":\"Sample 3\",\"description\":\"This is the third sample - AVAILABLE (but expired)\",\"values\":[{\"id\":\"44514a55-2abd-4388-8f77-b96b0b25fc34\",\"dateModified\":\"2020-07-23T06:26:33+00:00\",\"embeddedType\":\"ANOTHER\",\"value\":0.7},{\"id\":\"44514a55-2abd-4388-8f77-b96b0b25fc35\",\"dateModified\":\"2020-07-23T06:26:33+00:00\",\"embeddedType\":\"ONE\",\"value\":0.9},{\"id\":\"44514a55-2abd-4388-8f77-b96b0b25fc36\",\"dateModified\":\"2020-07-23T06:26:33+00:00\",\"embeddedType\":\"ONE\",\"value\":0.9}]},{\"id\":\"$oid:5f192d9900e0306000d188e2\",\"dateCreated\":\"2020-01-01T00:00:00+00:00\",\"dateModified\":\"2020-01-01T00:00:00+00:00\",\"name\":\"Sample 2\",\"description\":\"This is the second sample - ACTIVE\",\"values\":[{\"id\":\"44514a55-2abd-4388-8f77-b96b0b25fc32\",\"dateModified\":\"2020-07-23T06:26:33+00:00\",\"embeddedType\":\"ONE\",\"value\":0.7},{\"id\":\"44514a55-2abd-4388-8f77-b96b0b25fc33\",\"dateModified\":\"2020-07-23T06:26:33+00:00\",\"embeddedType\":\"ANOTHER\",\"value\":0.9}]}]}}}"
