---
source: tests/schema/mutation/embedded.rs
expression: "format!(\"{:?}\", resp)"
---
b"{\"data\":null,\"errors\":[{\"message\":\"Unable to find item\",\"locations\":[{\"line\":3,\"column\":21}],\"path\":[\"addValuesToSample\"]}]}"
